---
source: tests/tokenize.rs
expression: "&result"
---
stdout: "int at 1:1\nIdentifier(main) at 1:5\n( at 1:9\n) at 1:10\n{ at 1:12\nunsigned at 2:5\nint at 2:14\nIdentifier(a) at 2:18\n= at 2:20\nIntLiteral(4000000000) at 2:22\n; at 2:32\nunsigned at 3:5\nint at 3:14\nIdentifier(b) at 3:18\n= at 3:20\nIntLiteral(2) at 3:22\n; at 3:23\nunsigned at 4:5\nint at 4:14\nIdentifier(c) at 4:18\n= at 4:20\nIdentifier(a) at 4:22\n/ at 4:24\nIdentifier(b) at 4:26\n; at 4:27\nif at 5:5\n( at 5:8\nIdentifier(a) at 5:9\n> at 5:11\nIdentifier(b) at 5:13\n&& at 5:15\nIdentifier(c) at 5:18\n>= at 5:20\nIdentifier(b) at 5:23\n) at 5:24\n{ at 5:26\nreturn at 6:9\nIntLiteral(1) at 6:16\n; at 6:17\n} at 7:5\nreturn at 8:5\nIntLiteral(0) at 8:12\n; at 8:13\n} at 9:1\nEOF at 10:1\n"
stderr: ""
status: 0
