---
source: tests/tokenize.rs
expression: "&result"
---
stdout: "int at 1:1\nIdentifier(add) at 1:5\n( at 1:8\nint at 1:9\nIdentifier(a) at 1:13\n, at 1:14\nint at 1:16\nIdentifier(b) at 1:20\n) at 1:21\n{ at 1:23\nreturn at 2:5\nIdentifier(a) at 2:12\n+ at 2:14\nIdentifier(b) at 2:16\n; at 2:17\n} at 3:1\nint at 5:1\nIdentifier(main) at 5:5\n( at 5:9\n) at 5:10\n{ at 5:12\nreturn at 6:5\nIdentifier(add) at 6:12\n( at 6:15\nIntLiteral(5) at 6:16\n, at 6:17\nIntLiteral(7) at 6:19\n) at 6:20\n; at 6:21\n} at 7:1\nEOF at 8:1\n"
stderr: ""
status: 0
